[cs-utc-jewelry.myshopify.com/index.html]
[backblue.gif]
[fade.gif]
[index.html]
[cdn.shopify.com/s/files/1/0908/7252/t/2/assets/logof4b4.png]
[netdna.bootstrapcdn.com/font-awesome/4.2.0/css/font-awesome.min.css]
[cdn.shopify.com/s/files/1/0908/7252/t/2/assets/jquery.cameraf4b4.css]
[cdn.shopify.com/s/files/1/0908/7252/t/2/assets/jquery.fancybox-buttonsf4b4.css]
[cdn.shopify.com/s/files/1/0908/7252/t/2/assets/cs.animatef4b4.css]
[cdn.shopify.com/s/files/1/0908/7252/t/2/assets/applicationf4b4.css]
[cdn.shopify.com/s/files/1/0908/7252/t/2/assets/swatchf4b4.css]
[cdn.shopify.com/s/files/1/0908/7252/t/2/assets/jquery.owl.carouself4b4.css]
[cdn.shopify.com/s/files/1/0908/7252/t/2/assets/jquery.bxsliderf4b4.css]
[cdn.shopify.com/s/files/1/0908/7252/t/2/assets/bootstrap.min.3xf4b4.css]
[cdn.shopify.com/s/files/1/0908/7252/t/2/assets/cs.bootstrap.3xf4b4.css]
[cdn.shopify.com/s/files/1/0908/7252/t/2/assets/cs.globalf4b4.css]
[cdn.shopify.com/s/files/1/0908/7252/t/2/assets/cs.stylef4b4.css]
[cdn.shopify.com/s/files/1/0908/7252/t/2/assets/cs.media.3xf4b4.css]
[cdn.shopify.com/s/files/1/0908/7252/t/2/assets/jquery.imagesloaded.minf4b4.js]
[cdn.shopify.com/s/files/1/0908/7252/t/2/assets/bootstrap.min.3xf4b4.js]
[cdn.shopify.com/s/files/1/0908/7252/t/2/assets/jquery.easing.1.3f4b4.js]
[cdn.shopify.com/s/files/1/0908/7252/t/2/assets/jquery.mobile.customized.minf4b4.js]
[cdn.shopify.com/s/files/1/0908/7252/t/2/assets/cookiesf4b4.js]
[cdn.shopify.com/s/files/1/0908/7252/t/2/assets/modernizrf4b4.js]
[cdn.shopify.com/s/files/1/0908/7252/t/2/assets/cs.optionSelectf4b4.js]
[cdn.shopify.com/s/files/1/0908/7252/t/2/assets/cs.customSelectf4b4.js]
[cdn.shopify.com/s/files/1/0908/7252/t/2/assets/jquery.owl.carousel.minf4b4.js]
[cdn.shopify.com/s/files/1/0908/7252/t/2/assets/applicationf4b4.js]
[cdn.shopify.com/s/files/1/0908/7252/t/2/assets/jquery.bxsliderf4b4.js]
[cdn.shopify.com/s/files/1/0908/7252/t/2/assets/skrollr.minf4b4.js]
[cdn.shopify.com/s/files/1/0908/7252/t/2/assets/jquery.fancybox-buttonsf4b4.js]
[cdn.shopify.com/s/files/1/0908/7252/t/2/assets/jquery.zoomf4b4.js]
[cdn.shopify.com/s/files/1/0908/7252/t/2/assets/jquery-1.9.1.minf4b4.js]
[cdn.shopify.com/s/javascripts/currencies.js]
[cdn.shopify.com/s/files/1/0908/7252/t/2/assets/jquery.currencies.minf4b4.js]
[cdn.shopify.com/s/files/1/0908/7252/t/2/assets/cs.scriptf4b4.js]
[connect.facebook.net/en_US/fbds.js]
[cdn.shopify.com/s/assets/storefront/express_buttons-64f171d6b3043cecbeb8d8cd85ba73eb7f126dc5635f9ed5fe32e57ae95317a7.js]
[cdn.shopify.com/s/javascripts/tricorder/trekkie.storefront.min97e4.js]
[cdn.shopify.com/s/assets/shop_events_listener-f2c5800305098f0ebebdfa7d980c9abf56514c46d5305e97a7c476f7c9116163.js]
[cs-utc-jewelry.myshopify.com/account/login.html]
[cs-utc-jewelry.myshopify.com/account/register.html]
[cs-utc-jewelry.myshopify.com/collections/all.html]
[cs-utc-jewelry.myshopify.com/products/curabitur-cursus-dignis.html]
[cs-utc-jewelry.myshopify.com/products/donec-justo-condimentum.html]
[cs-utc-jewelry.myshopify.com/blogs/sample-blog-full-width.html]
[cs-utc-jewelry.myshopify.com/blogs/sample-blog-with-left-slidebar.html]
[cs-utc-jewelry.myshopify.com/blogs/blogs/47648387-sample-blog-post-with-left-slidebar.html]
[cdn.shopify.com/s/files/1/0908/7252/t/2/assets/loaderf4b4.gif]
[cdn.shopify.com/s/files/1/0908/7252/t/2/assets/slide-image-caption-1f4b4.png]
[cdn.shopify.com/s/files/1/0908/7252/t/2/assets/slide-image-2f4b4.jpg]
[cdn.shopify.com/s/files/1/0908/7252/t/2/assets/slide-image-caption-2f4b4.png]
[cdn.shopify.com/s/files/1/0908/7252/t/2/assets/slide-image-3f4b4.jpg]
[cdn.shopify.com/s/files/1/0908/7252/t/2/assets/slide-image-caption-3f4b4.png]
[cdn.shopify.com/s/files/1/0908/7252/collections/3_largef441.png]
[cs-utc-jewelry.myshopify.com/collections/earrings.html]
[cdn.shopify.com/s/files/1/0908/7252/collections/2_largea971.png]
[cs-utc-jewelry.myshopify.com/collections/necklaces.html]
[cdn.shopify.com/s/files/1/0908/7252/collections/1_79ec3305-7c83-4daa-804c-fac19b2d1b7b_large04b2.png]
[cdn.shopify.com/s/files/1/0908/7252/collections/4_large6125.png]
[cs-utc-jewelry.myshopify.com/collections/rings.html]
[cdn.shopify.com/s/files/1/0908/7252/products/1_grande2245.jpg]
[cdn.shopify.com/s/files/1/0908/7252/products/2_119a31f2-2054-4483-93a3-841310e6bdfb_grande2b1c.jpg]
[cs-utc-jewelry.myshopify.com/products/curabitur-cursus-dignis-1.html]
[cdn.shopify.com/s/files/1/0908/7252/products/6_03a522d6-f36a-4f59-a815-bbade4d87a6e_grandec150.jpg]
[cdn.shopify.com/s/files/1/0908/7252/products/4_0fe2529b-f7ae-4ed5-a8ff-4fae623757f9_grande02fe.jpg]
[cdn.shopify.com/s/files/1/0908/7252/products/10_16854be2-a731-4970-984e-7f6e483d2405_grandedd3a.jpg]
[cdn.shopify.com/s/files/1/0908/7252/products/11_68ab6d0f-109c-429b-a903-4cbf60257806_grande6ce0.jpg]
[cs-utc-jewelry.myshopify.com/products/product-full-width.html]
[cdn.shopify.com/s/files/1/0908/7252/t/2/assets/home_banner_image_textf4b4.png]
[cdn.shopify.com/s/files/1/0908/7252/t/2/assets/home_bottom_bannerf4b4.jpg]
[cdn.shopify.com/s/files/1/0908/7252/products/9_29fe62cc-0d0f-4cbc-b09a-6d6a8d7c2431_grandeebbe.jpg]
[cdn.shopify.com/s/files/1/0908/7252/products/13_728a8813-99ca-43bd-80fe-a5cbae33a10e_grandeae57.jpg]
[cdn.shopify.com/s/files/1/0908/7252/t/2/assets/partners_logo_1f4b4.png]
[cdn.shopify.com/s/files/1/0908/7252/t/2/assets/partners_logo_2f4b4.png]
[cs-utc-jewelry.myshopify.com/collections/vendorsc606.html]
[cdn.shopify.com/s/files/1/0908/7252/t/2/assets/partners_logo_3f4b4.png]
[cs-utc-jewelry.myshopify.com/collections/vendors97a5.html]
[cdn.shopify.com/s/files/1/0908/7252/t/2/assets/partners_logo_4f4b4.png]
[cs-utc-jewelry.myshopify.com/collections/vendorsdc04.html]
[cdn.shopify.com/s/files/1/0908/7252/t/2/assets/partners_logo_5f4b4.png]
[cdn.shopify.com/s/files/1/0908/7252/t/2/assets/partners_logo_6f4b4.png]
[cdn.shopify.com/s/files/1/0908/7252/t/2/assets/partners_logo_7f4b4.png]
[cdn.shopify.com/s/files/1/0908/7252/t/2/assets/cs.globalf4b4.js]
[cs-utc-jewelry.myshopify.com/search.html]
[www.google-analytics.com/analytics.js]
[cs-utc-jewelry.myshopify.com/index.html]
[netdna.bootstrapcdn.com/font-awesome/4.2.0/css/font-awesome.min.css]
[cdn.shopify.com/s/files/1/0908/7252/t/2/assets/blank_b50e.gif]
[cdn.shopify.com/s/files/1/0908/7252/t/2/assets/camera-loaderb50e.gif]
[cdn.shopify.com/s/files/1/0908/7252/t/2/assets/camera_skinsb50e.png]
[cdn.shopify.com/s/files/1/0908/7252/t/2/images/patterns/overlay1.png]
[cdn.shopify.com/s/files/1/0908/7252/t/2/images/patterns/overlay2.png]
[cdn.shopify.com/s/files/1/0908/7252/t/2/images/patterns/overlay3.png]
[cdn.shopify.com/s/files/1/0908/7252/t/2/images/patterns/overlay4.png]
[cdn.shopify.com/s/files/1/0908/7252/t/2/images/patterns/overlay5.png]
[cdn.shopify.com/s/files/1/0908/7252/t/2/images/patterns/overlay6.png]
[cdn.shopify.com/s/files/1/0908/7252/t/2/images/patterns/overlay7.png]
[cdn.shopify.com/s/files/1/0908/7252/t/2/images/patterns/overlay8.png]
[cdn.shopify.com/s/files/1/0908/7252/t/2/images/patterns/overlay9.png]
[cdn.shopify.com/s/files/1/0908/7252/t/2/images/patterns/overlay10.png]
[cdn.shopify.com/s/files/1/0908/7252/t/2/assets/jquery.cameraf4b4.css]
[cdn.shopify.com/s/files/1/0908/7252/t/2/assets/fancybox_buttons9b63.png]
[cdn.shopify.com/s/files/1/0908/7252/t/2/assets/jquery.fancybox-buttonsf4b4.css]
[cdn.shopify.com/s/files/1/0908/7252/t/2/assets/cs.animatef4b4.css]
[cdn.shopify.com/s/files/1/0908/7252/t/2/assets/fancybox_sprite579c.png]
[cdn.shopify.com/s/files/1/0908/7252/t/2/assets/fancybox_loading579c.gif]
[cdn.shopify.com/s/files/1/0908/7252/t/2/assets/blank579c.gif]
[cdn.shopify.com/s/files/1/0908/7252/t/2/assets/fancybox_overlay579c.png]
[cdn.shopify.com/s/files/1/0908/7252/t/2/assets/applicationf4b4.css]
[cdn.shopify.com/s/files/1/0908/7252/t/2/assets/swatchf4b4.css]
[cdn.shopify.com/s/files/1/0908/7252/t/2/assets/loader6388.gif]
[cdn.shopify.com/s/files/1/0908/7252/t/2/assets/grabbing6388.png]
[cdn.shopify.com/s/files/1/0908/7252/t/2/assets/jquery.owl.carouself4b4.css]
[cdn.shopify.com/s/files/1/0908/7252/t/2/assets/jquery.bxsliderf4b4.css]
[cdn.shopify.com/s/files/1/0908/7252/t/2/assets/bootstrap.min.3xf4b4.css]
[cdn.shopify.com/s/files/1/0908/7252/t/2/assets/cs.bootstrap.3xf4b4.css]
[cdn.shopify.com/s/files/1/0908/7252/t/2/assets/quote454b.png]
[cdn.shopify.com/s/files/1/0908/7252/t/2/assets/loader454b.gif]
[cdn.shopify.com/s/files/1/0908/7252/t/2/assets/cs.globalf4b4.css]
[cdn.shopify.com/s/files/1/0908/7252/t/2/assets/bkg_new0e64.png]
[cdn.shopify.com/s/files/1/0908/7252/t/2/assets/bkg_hot0e64.png]
[cdn.shopify.com/s/files/1/0908/7252/t/2/assets/bkg_sale0e64.png]
[cdn.shopify.com/s/files/1/0908/7252/t/2/assets/bkg_featured0e64.png]
[cdn.shopify.com/s/files/1/0908/7252/t/2/assets/menu_image_10e64.png]
[cdn.shopify.com/s/files/1/0908/7252/t/2/assets/skins0e64.png]
[cdn.shopify.com/s/files/1/0908/7252/t/2/assets/home_line0e64.png]
[cdn.shopify.com/s/files/1/0908/7252/t/2/assets/home_banner_image0e64.png]
[cdn.shopify.com/s/files/1/0908/7252/t/2/assets/icon_slider0e64.png]
[cdn.shopify.com/s/files/1/0908/7252/t/2/assets/icon_pre_slider0e64.png]
[cdn.shopify.com/s/files/1/0908/7252/t/2/assets/icon_next_slider0e64.png]
[cdn.shopify.com/s/files/1/0908/7252/t/2/assets/icon_payment0e64.png]
[cdn.shopify.com/s/files/1/0908/7252/t/2/assets/icons0e64.png]
[cdn.shopify.com/s/files/1/0908/7252/t/2/assets/bg_newsletter0e64.png]
[cdn.shopify.com/s/files/1/0908/7252/t/2/assets/button_close0e64.png]
[cdn.shopify.com/s/files/1/0908/7252/t/2/assets/bkg_rating0e64.png]
[cdn.shopify.com/s/files/1/0908/7252/t/2/assets/check_box0e64.png]
[cdn.shopify.com/s/files/1/0908/7252/t/2/assets/checked_box0e64.png]
[cdn.shopify.com/s/files/1/0908/7252/t/2/assets/cs.stylef4b4.css]
[cdn.shopify.com/s/files/1/0908/7252/t/2/assets/cs.media.3xf4b4.css]
[connect.facebook.net/en_US/fbds.js]
[cdn.shopify.com/s/assets/themes_support/shopify_common-040322ee69221c50a47032355f2f7e6cbae505567e2157d53dfb0a2e7701839c.js]
[cdn.shopify.com/s/files/1/0908/7252/t/2/assets/cs.customerAreaf4b4.js]
[cs-utc-jewelry.myshopify.com/account/login.html]
[cs-utc-jewelry.myshopify.com/account/register.html]
[cs-utc-jewelry.myshopify.com/pages/wish-list.html]
[cs-utc-jewelry.myshopify.com/cart.html]
[cdn.shopify.com/s/files/1/0908/7252/t/2/assets/jquery.camera.minf4b4.js]
[cdn.shopify.com/s/files/1/0908/7252/t/2/assets/jquery.isotope.minf4b4.js]
[cs-utc-jewelry.myshopify.com/collections/all4658.html]
[cdn.shopify.com/s/files/1/0908/7252/products/1_1024x10242245.jpg]
[cs-utc-jewelry.myshopify.com/collections/all.atom]
[cs-utc-jewelry.myshopify.com/products/donec-condimentum-fer.html]
[cs-utc-jewelry.myshopify.com/collections/all/indexd07c.html]
[cdn.shopify.com/s/files/1/0908/7252/products/5_a774d2ff-edcb-44b7-99e6-4b4b11d6531e_grande487d.jpg]
[cs-utc-jewelry.myshopify.com/collections/all/index7c28.html]
[cs-utc-jewelry.myshopify.com/collections/all/index87b3.html]
[cdn.shopify.com/s/files/1/0908/7252/products/6_e3262113-c6c2-4c85-b20a-56b61f779815_grande0285.jpg]
[cs-utc-jewelry.myshopify.com/collections/all/index911b.html]
[cdn.shopify.com/s/files/1/0908/7252/products/7_15911c75-e357-4cc1-a903-950a8ed4b779_grande9327.jpg]
[cs-utc-jewelry.myshopify.com/collections/all/index0466.html]
[cs-utc-jewelry.myshopify.com/products/malesuada-fames-ac-ante.html]
[cdn.shopify.com/s/files/1/0908/7252/products/8_c017028b-7029-4526-8a96-c8ca814d82f5_grande9da5.jpg]
[cs-utc-jewelry.myshopify.com/collections/all.html]
[cdn.shopify.com/s/files/1/0908/7252/products/9_2246be9a-5bde-42e3-9d1e-c077a3e8928e_grande0f6d.jpg]
[cs-utc-jewelry.myshopify.com/products/maximus-quam-posuere.html]
[cdn.shopify.com/s/files/1/0908/7252/products/1_medium2245.jpg]
[cdn.shopify.com/s/files/1/0908/7252/products/1_compact2245.jpg]
[cdn.shopify.com/s/files/1/0908/7252/products/2_1024x10249445.jpg]
[cdn.shopify.com/s/files/1/0908/7252/products/2_compact9445.jpg]
[cdn.shopify.com/s/files/1/0908/7252/products/3_1024x1024e7ee.jpg]
[cs-utc-jewelry.myshopify.com/products/_https_/www.youtube.com/embed/TIerlJ_KTNY_.a7.delayed]
[cdn.shopify.com/s/files/1/0908/7252/products/3_compacte7ee.jpg]
[cdn.shopify.com/s/files/1/0908/7252/products/4_1024x10245784.jpg]
[cdn.shopify.com/s/files/1/0908/7252/products/4_compact5784.jpg]
[cdn.shopify.com/s/files/1/0908/7252/products/5_1024x1024924c.jpg]
[cdn.shopify.com/s/files/1/0908/7252/products/5_compact924c.jpg]
[cdn.shopify.com/s/files/1/0908/7252/products/6_1024x1024bb4c.jpg]
[cdn.shopify.com/s/files/1/0908/7252/products/6_compactbb4c.jpg]
[cs-utc-jewelry.myshopify.com/collections/bracelets/100-200.html]
[cs-utc-jewelry.myshopify.com/collections/bracelets/above-200.html]
[cs-utc-jewelry.myshopify.com/collections/bracelets/best-seller.html]
[cs-utc-jewelry.myshopify.com/collections/bracelets/black.html]
[cs-utc-jewelry.myshopify.com/collections/bracelets/green.html]
[cs-utc-jewelry.myshopify.com/collections/bracelets/l.html]
[cs-utc-jewelry.myshopify.com/collections/bracelets/m.html]
[cs-utc-jewelry.myshopify.com/collections/bracelets/red.html]
[cs-utc-jewelry.myshopify.com/collections/bracelets/s.html]
[cs-utc-jewelry.myshopify.com/collections/bracelets/sale-off.html]
[cs-utc-jewelry.myshopify.com/collections/bracelets/under-100.html]
[cs-utc-jewelry.myshopify.com/collections/bracelets/white.html]
[cdn.shopify.com/s/files/1/0908/7252/t/2/assets/blackf4b4.png]
[cs-utc-jewelry.myshopify.com/collections/bracelets/xl.html]
[cdn.shopify.com/s/files/1/0908/7252/t/2/assets/soldoutf4b4.png]
[s7.addthis.com/js/300/addthis_widget.js]
[cdn.shopify.com/s/files/1/0908/7252/t/2/assets/redf4b4.png]
[cdn.shopify.com/s/files/1/0908/7252/t/2/assets/bluef4b4.png]
[cdn.shopify.com/s/files/1/0908/7252/t/2/assets/purplef4b4.png]
[cdn.shopify.com/s/files/1/0908/7252/t/2/assets/greenf4b4.png]
[cdn.shopify.com/s/files/1/0908/7252/t/2/assets/whitef4b4.png]
[cdn.shopify.com/s/files/1/0908/7252/t/2/assets/mspecs_imagef4b4.jpg]
[cdn.shopify.com/s/files/1/0908/7252/t/2/assets/size_chart_imagef4b4.jpg]
[cs-utc-jewelry.myshopify.com/collections/bracelets/products/curabitur-cursus-dignis.html]
[cs-utc-jewelry.myshopify.com/collections/bracelets/products/curabitur-cursus-dignis-1.html]
[cs-utc-jewelry.myshopify.com/collections/bracelets/products/donec-aliquam-ante-non.html]
[cs-utc-jewelry.myshopify.com/collections/bracelets/products/donec-condime-fermentum.html]
[cs-utc-jewelry.myshopify.com/collections/bracelets/products/maximus-quam-posuere-1.html]
[cs-utc-jewelry.myshopify.com/products/curabitur-cursus-dignis.html]
[cs-utc-jewelry.myshopify.com/products/donec-aliquam-ante-non.html]
[cdn.shopify.com/s/files/1/0908/7252/products/6_e3262113-c6c2-4c85-b20a-56b61f779815_medium0285.jpg]
[cdn.shopify.com/s/files/1/0908/7252/t/2/assets/jquery.fancybox-buttonsa724.css]
[cs-utc-jewelry.myshopify.com/collections/bracelets/products/product-full-width.html]
[cdn.shopify.com/s/files/1/0908/7252/t/2/assets/cs.animatea724.css]
[cdn.shopify.com/s/files/1/0908/7252/t/2/assets/applicationa724.css]
[cdn.shopify.com/s/files/1/0908/7252/t/2/assets/swatcha724.css]
[cdn.shopify.com/s/files/1/0908/7252/t/2/assets/jquery.owl.carousela724.css]
[cdn.shopify.com/s/files/1/0908/7252/t/2/assets/jquery.bxslidera724.css]
[cdn.shopify.com/s/files/1/0908/7252/t/2/assets/bootstrap.min.3xa724.css]
[cdn.shopify.com/s/files/1/0908/7252/t/2/assets/cs.bootstrap.3xa724.css]
[cdn.shopify.com/s/files/1/0908/7252/t/2/assets/cs.globala724.css]
[cdn.shopify.com/s/files/1/0908/7252/t/2/assets/cs.stylea724.css]
[cdn.shopify.com/s/files/1/0908/7252/t/2/assets/cs.media.3xa724.css]
[cdn.shopify.com/s/files/1/0908/7252/t/2/assets/jquery.imagesloaded.mina724.js]
[cdn.shopify.com/s/files/1/0908/7252/t/2/assets/cookiesa724.js]
[cdn.shopify.com/s/files/1/0908/7252/t/2/assets/bootstrap.min.3xa724.js]
[cdn.shopify.com/s/files/1/0908/7252/t/2/assets/modernizra724.js]
[cdn.shopify.com/s/files/1/0908/7252/t/2/assets/jquery-1.9.1.mina724.js]
[cdn.shopify.com/s/files/1/0908/7252/t/2/assets/cs.optionSelecta724.js]
[cdn.shopify.com/s/files/1/0908/7252/t/2/assets/cs.customSelecta724.js]
[cdn.shopify.com/s/files/1/0908/7252/t/2/assets/applicationa724.js]
[cdn.shopify.com/s/files/1/0908/7252/t/2/assets/jquery.owl.carousel.mina724.js]
[cdn.shopify.com/s/files/1/0908/7252/t/2/assets/jquery.bxslidera724.js]
[cdn.shopify.com/s/files/1/0908/7252/t/2/assets/skrollr.mina724.js]
[cdn.shopify.com/s/files/1/0908/7252/t/2/assets/jquery.fancybox-buttonsa724.js]
[cdn.shopify.com/s/files/1/0908/7252/t/2/assets/jquery.zooma724.js]
[cdn.shopify.com/s/files/1/0908/7252/t/2/assets/jquery.currencies.mina724.js]
[cdn.shopify.com/s/files/1/0908/7252/t/2/assets/cs.scripta724.js]
[cs-utc-jewelry.myshopify.com/products/donec-justo-condimentum.oembed]
[cdn.shopify.com/s/assets/storefront/express_buttons-0bb7a4b49e920c0b5396dd8e669e49b318e981d4ca8dad018c4ee34e6e1a0b45.js]
[cdn.shopify.com/s/files/1/0908/7252/t/2/assets/logoa724.png]
[cdn.shopify.com/s/files/1/0908/7252/t/2/assets/loadera724.gif]
[cdn.shopify.com/s/files/1/0908/7252/products/6_e3262113-c6c2-4c85-b20a-56b61f779815_1024x10240285.jpg]
[cdn.shopify.com/s/files/1/0908/7252/products/6_e3262113-c6c2-4c85-b20a-56b61f779815_compact0285.jpg]
[cdn.shopify.com/s/files/1/0908/7252/products/7_d9b47cc7-4baa-42fc-b8b7-a7a623f988f8_1024x10242445.jpg]
[cdn.shopify.com/s/files/1/0908/7252/products/7_d9b47cc7-4baa-42fc-b8b7-a7a623f988f8_compact2445.jpg]
[cdn.shopify.com/s/files/1/0908/7252/products/8_1024x1024ee2f.jpg]
[cdn.shopify.com/s/files/1/0908/7252/products/8_compactee2f.jpg]
[cdn.shopify.com/s/files/1/0908/7252/products/9_1024x10247b73.jpg]
[cdn.shopify.com/s/files/1/0908/7252/products/9_compact7b73.jpg]
[cs-utc-jewelry.myshopify.com/collections/earrings/100-200.html]
[cs-utc-jewelry.myshopify.com/collections/earrings/red.html]
[cs-utc-jewelry.myshopify.com/collections/earrings/s.html]
[cdn.shopify.com/s/files/1/0908/7252/t/2/assets/blacka724.png]
[cs-utc-jewelry.myshopify.com/collections/earrings/sale-off.html]
[cdn.shopify.com/s/files/1/0908/7252/t/2/assets/soldouta724.png]
[cdn.shopify.com/s/files/1/0908/7252/t/2/assets/bluea724.png]
[cdn.shopify.com/s/files/1/0908/7252/t/2/assets/whitea724.png]
[cdn.shopify.com/s/files/1/0908/7252/t/2/assets/reda724.png]
[cdn.shopify.com/s/files/1/0908/7252/t/2/assets/mspecs_imagea724.jpg]
[cdn.shopify.com/s/files/1/0908/7252/t/2/assets/size_chart_imagea724.jpg]
[cs-utc-jewelry.myshopify.com/collections/earrings/products/donec-justo-condimentum.html]
[cs-utc-jewelry.myshopify.com/collections/earrings/products/gravida-est-quis-euismod.html]
[cs-utc-jewelry.myshopify.com/collections/earrings/products/malesuada-fames-ac-ante.html]
[cs-utc-jewelry.myshopify.com/collections/earrings/products/maximus-quam-posuere-1.html]
[cs-utc-jewelry.myshopify.com/collections/earrings/products/maximus-quam-posuere.html]
[cs-utc-jewelry.myshopify.com/products/donec-justo-condimentum.html]
[cs-utc-jewelry.myshopify.com/products/gravida-est-quis-euismod.html]
[cs-utc-jewelry.myshopify.com/collections/bracelets.html]
[cs-utc-jewelry.myshopify.com/collections/sample-collection-with-left-slidebar.html]
[cs-utc-jewelry.myshopify.com/collections/sample-collection-with-right-slidebar.html]
[cs-utc-jewelry.myshopify.com/products/product-with-left-slidebar.html]
[cs-utc-jewelry.myshopify.com/products/product-with-right-slidebar.html]
[cs-utc-jewelry.myshopify.com/pages/about-us.html]
[cs-utc-jewelry.myshopify.com/pages/price-table.html]
[cs-utc-jewelry.myshopify.com/pages/faqs.html]
[cs-utc-jewelry.myshopify.com/pages/testimonials.html]
[cs-utc-jewelry.myshopify.com/pages/contact.html]
[cs-utc-jewelry.myshopify.com/blogs/blogs.html]
[cs-utc-jewelry.myshopify.com/blogs/sample-blog-with-grid-3-columns.html]
[cdn.shopify.com/s/files/1/0908/7252/t/2/assets/cs.globala724.js]
[cs-utc-jewelry.myshopify.com/collections/earrings/products/product-full-width.html]
[cs-utc-jewelry.myshopify.com/blogs/sample-blog-full-width4658.html]
[cs-utc-jewelry.myshopify.com/blogs/sample-blog-full-width.atom]
[cdn.shopify.com/s/files/1/0908/7252/articles/img_blog3aaed.jpg]
[cs-utc-jewelry.myshopify.com/blogs/sample-blog-full-width/44831683-quis-autem-vel-eum.html]
[cdn.shopify.com/s/files/1/0908/7252/articles/image2_402732b9-8ea4-4847-b219-c2dd3405d6f4cda5.jpg]
[cs-utc-jewelry.myshopify.com/blogs/sample-blog-full-width.html]
[cs-utc-jewelry.myshopify.com/blogs/sample-blog-full-width/44830659-duis-sagittis-porta.html]
[cs-utc-jewelry.myshopify.com/blogs/sample-blog-with-left-slidebar.atom]
[cdn.shopify.com/s/files/1/0908/7252/articles/img_blog1_eef03eb9-299c-47c0-8bec-3fe2a92d9b319f92.png]
[cs-utc-jewelry.myshopify.com/blogs/sample-blog-with-left-slidebar/44829059-luxe-gold-collar.html]
[cs-utc-jewelry.myshopify.com/blogs/sample-blog-with-left-slidebar.html]
[cs-utc-jewelry.myshopify.com/blogs/blogs/44831811-sample-blog-post-full-width.html]
[cs-utc-jewelry.myshopify.com/blogs/blogs/44021379-respond-transformative-practices.html]
[cs-utc-jewelry.myshopify.com/blogs/blogs.atom]
[cdn.shopify.com/s/files/1/0908/7252/articles/img_blog15e2f.png]
[cs-utc-jewelry.myshopify.com/blogs/blogs/47648387-sample-blog-post-with-left-slidebar.html]
[cs-utc-jewelry.myshopify.com/blogs/blogs/44831939-vel-illum-qui-dolorem-eum-fugiat.html]
[cs-utc-jewelry.myshopify.com/collections/earrings.oembed]
[cdn.shopify.com/s/files/1/0908/7252/collections/2_1024x1024a971.png]
[cs-utc-jewelry.myshopify.com/collections/earrings.atom]
[cs-utc-jewelry.myshopify.com/collections/earrings/products/product-with-left-slidebar.html]
[cs-utc-jewelry.myshopify.com/collections/earrings/indexd07c.html]
[cs-utc-jewelry.myshopify.com/collections/earrings/index7c28.html]
[cs-utc-jewelry.myshopify.com/collections/earrings/products/product-with-right-slidebar.html]
[cs-utc-jewelry.myshopify.com/collections/earrings.html]
[cs-utc-jewelry.myshopify.com/collections/earrings/index911b.html]
[cs-utc-jewelry.myshopify.com/collections/earrings/index0466.html]
[cs-utc-jewelry.myshopify.com/collections/earrings/index87b3.html]
[cs-utc-jewelry.myshopify.com/collections/earrings/index3f84.html]
[cs-utc-jewelry.myshopify.com/collections/earrings/index51e5.html]
[cdn.shopify.com/s/files/1/0908/7252/collections/1_79ec3305-7c83-4daa-804c-fac19b2d1b7b_1024x102404b2.png]
[cs-utc-jewelry.myshopify.com/collections/necklaces/index87b3.html]
[cs-utc-jewelry.myshopify.com/collections/necklaces/products/donec-justo-condimentum.html]
[cs-utc-jewelry.myshopify.com/collections/necklaces/products/malesuada-fames-ac-ante.html]
[cs-utc-jewelry.myshopify.com/collections/necklaces.html]
[cs-utc-jewelry.myshopify.com/collections/necklaces/products/maximus-quam-posuere.html]
[cs-utc-jewelry.myshopify.com/collections/rings.oembed]
[cdn.shopify.com/s/files/1/0908/7252/collections/4_1024x10246125.png]
[cs-utc-jewelry.myshopify.com/collections/rings/products/curabitur-cursus-dignis-1.html]
[cs-utc-jewelry.myshopify.com/collections/rings.html]
[cdn.shopify.com/s/files/1/0908/7252/products/2_119a31f2-2054-4483-93a3-841310e6bdfb_medium2b1c.jpg]
[cs-utc-jewelry.myshopify.com/collections/rings/products/malesuada-fames-ac-ante.html]
[cdn.shopify.com/s/files/1/0908/7252/products/2_119a31f2-2054-4483-93a3-841310e6bdfb_1024x10242b1c.jpg]
[cs-utc-jewelry.myshopify.com/products/curabitur-cursus-dignis-1.oembed]
[cdn.shopify.com/s/files/1/0908/7252/products/2_119a31f2-2054-4483-93a3-841310e6bdfb_compact2b1c.jpg]
[cdn.shopify.com/s/files/1/0908/7252/products/3_5e173faf-876b-4e2f-8e49-597207470817_1024x1024983e.jpg]
[cdn.shopify.com/s/files/1/0908/7252/products/3_5e173faf-876b-4e2f-8e49-597207470817_compact983e.jpg]
[cdn.shopify.com/s/files/1/0908/7252/products/4_5d375b4c-f42f-4a86-aa2f-ff4e0ead303f_1024x1024c774.jpg]
[cdn.shopify.com/s/files/1/0908/7252/products/4_5d375b4c-f42f-4a86-aa2f-ff4e0ead303f_compactc774.jpg]
[cs-utc-jewelry.myshopify.com/products/curabitur-cursus-dignis-1.html]
[cs-utc-jewelry.myshopify.com/products/donec-condime-fermentum.html]
[cs-utc-jewelry.myshopify.com/products/maximus-quam-posuere-1.html]
[cdn.shopify.com/s/files/1/0908/7252/products/11_68ab6d0f-109c-429b-a903-4cbf60257806_medium6ce0.jpg]
[cdn.shopify.com/s/files/1/0908/7252/products/11_68ab6d0f-109c-429b-a903-4cbf60257806_1024x10246ce0.jpg]
[cdn.shopify.com/s/files/1/0908/7252/products/11_68ab6d0f-109c-429b-a903-4cbf60257806_compact6ce0.jpg]
[cs-utc-jewelry.myshopify.com/products/product-full-width.oembed]
[cdn.shopify.com/s/files/1/0908/7252/products/12_5fd43d5b-08ec-4a13-b388-7f7a55a92ed0_1024x10243f8c.jpg]
[cdn.shopify.com/s/files/1/0908/7252/products/12_5fd43d5b-08ec-4a13-b388-7f7a55a92ed0_compact3f8c.jpg]
[cs-utc-jewelry.myshopify.com/products/product-full-width.html]
[cs-utc-jewelry.myshopify.com/collections.html]
[cs-utc-jewelry.myshopify.com/collections/vendors323e.html]
[cs-utc-jewelry.myshopify.com/collections/bracelets/gray.html]
[cs-utc-jewelry.myshopify.com/collections/vendorsc606.html]
[cs-utc-jewelry.myshopify.com/collections/vendorsc05f.html]
[cs-utc-jewelry.myshopify.com/indexd07c.html]
[cdn.shopify.com/s/files/1/0908/7252/products/6_03a522d6-f36a-4f59-a815-bbade4d87a6e_1024x1024c150.jpg]
[cs-utc-jewelry.myshopify.com/collections/vendorsd743.html]
[cs-utc-jewelry.myshopify.com/collections/vendors97a5.html]
[cs-utc-jewelry.myshopify.com/index7c28.html]
[cs-utc-jewelry.myshopify.com/index87b3.html]
[cs-utc-jewelry.myshopify.com/collections/vendors39c9.html]
[cdn.shopify.com/s/files/1/0908/7252/products/4_0fe2529b-f7ae-4ed5-a8ff-4fae623757f9_1024x102402fe.jpg]
[cs-utc-jewelry.myshopify.com/index6868.html]
[cs-utc-jewelry.myshopify.com/collections/vendorsdc04.html]
[cs-utc-jewelry.myshopify.com/index0466.html]
[cs-utc-jewelry.myshopify.com/index3f84.html]
[cdn.shopify.com/s/global/search77a6.css]
[cs-utc-jewelry.myshopify.com/search.html]
[cdn.shopify.com/s/files/1/0908/7252/t/2/assets/blank_b50e.html]
[cdn.shopify.com/s/files/1/0908/7252/t/2/images/patterns/overlay1.html]
[cdn.shopify.com/s/files/1/0908/7252/t/2/images/patterns/overlay2.html]
[cdn.shopify.com/s/files/1/0908/7252/t/2/images/patterns/overlay3.html]
[cdn.shopify.com/s/files/1/0908/7252/t/2/images/patterns/overlay4.html]
[cdn.shopify.com/s/files/1/0908/7252/t/2/images/patterns/overlay5.html]
[cdn.shopify.com/s/files/1/0908/7252/t/2/images/patterns/overlay6.html]
[cdn.shopify.com/s/files/1/0908/7252/t/2/images/patterns/overlay7.html]
[cdn.shopify.com/s/files/1/0908/7252/t/2/images/patterns/overlay8.html]
[cdn.shopify.com/s/files/1/0908/7252/t/2/images/patterns/overlay9.html]
[cdn.shopify.com/s/files/1/0908/7252/t/2/images/patterns/overlay10.html]
[cs-utc-jewelry.myshopify.com/index51e5.html]
[cs-utc-jewelry.myshopify.com/collections/all4658.html]
[cs-utc-jewelry.myshopify.com/collections/all2679.html]
[cs-utc-jewelry.myshopify.com/collections/all/indexd07c.html]
[cs-utc-jewelry.myshopify.com/collections/allb4c8.html]
[cdn.shopify.com/s/files/1/0908/7252/products/9_2246be9a-5bde-42e3-9d1e-c077a3e8928e_1024x10240f6d.jpg]
[cs-utc-jewelry.myshopify.com/collections/all/index7c28.html]
[cs-utc-jewelry.myshopify.com/collections/alla007.html]
[cs-utc-jewelry.myshopify.com/collections/all/index87b3.html]
[cs-utc-jewelry.myshopify.com/collections/all95f8.html]
[cs-utc-jewelry.myshopify.com/collections/all/index911b.html]
[cs-utc-jewelry.myshopify.com/collections/alla219.html]
[cdn.shopify.com/s/files/1/0908/7252/products/13_728a8813-99ca-43bd-80fe-a5cbae33a10e_1024x1024ae57.jpg]
[cs-utc-jewelry.myshopify.com/collections/all/index0466.html]
[cs-utc-jewelry.myshopify.com/collections/all/index6868.html]
[cs-utc-jewelry.myshopify.com/collections/all/index3f84.html]
[cs-utc-jewelry.myshopify.com/collections/all/index51e5.html]
[cs-utc-jewelry.myshopify.com/collections/all535a.html]
[cdn.shopify.com/s/files/1/0908/7252/products/5_a774d2ff-edcb-44b7-99e6-4b4b11d6531e_medium487d.jpg]
[cdn.shopify.com/s/files/1/0908/7252/products/5_a774d2ff-edcb-44b7-99e6-4b4b11d6531e_1024x1024487d.jpg]
[cdn.shopify.com/s/files/1/0908/7252/products/5_a774d2ff-edcb-44b7-99e6-4b4b11d6531e_compact487d.jpg]
[cs-utc-jewelry.myshopify.com/products/donec-condimentum-fer.oembed]
[cdn.shopify.com/s/files/1/0908/7252/products/6_45b4eb02-66a0-4379-a916-26b5f2924577_1024x102473e7.jpg]
[cdn.shopify.com/s/files/1/0908/7252/products/6_45b4eb02-66a0-4379-a916-26b5f2924577_compact73e7.jpg]
[cdn.shopify.com/s/files/1/0908/7252/products/7_b57448da-ceb6-4094-9bbc-2452d6e13837_1024x10243ff0.jpg]
[cdn.shopify.com/s/files/1/0908/7252/products/7_b57448da-ceb6-4094-9bbc-2452d6e13837_compact3ff0.jpg]
[cs-utc-jewelry.myshopify.com/collections/necklaces/best-seller.html]
[cs-utc-jewelry.myshopify.com/collections/necklaces/gray.html]
[cs-utc-jewelry.myshopify.com/collections/necklaces/s.html]
[cs-utc-jewelry.myshopify.com/collections/necklaces/sale-off.html]
[cs-utc-jewelry.myshopify.com/collections/necklaces/under-100.html]
[cs-utc-jewelry.myshopify.com/products/donec-condimentum-fer.html]
[cdn.shopify.com/s/files/1/0908/7252/products/8_c017028b-7029-4526-8a96-c8ca814d82f5_medium9da5.jpg]
[cs-utc-jewelry.myshopify.com/collections/necklaces/xl.html]
[cdn.shopify.com/s/files/1/0908/7252/products/8_c017028b-7029-4526-8a96-c8ca814d82f5_1024x10249da5.jpg]
[cs-utc-jewelry.myshopify.com/products/malesuada-fames-ac-ante.oembed]
[cdn.shopify.com/s/files/1/0908/7252/products/8_c017028b-7029-4526-8a96-c8ca814d82f5_compact9da5.jpg]
[cdn.shopify.com/s/files/1/0908/7252/products/9_71845b40-2409-4670-9897-0b7c17661e63_1024x1024fa98.jpg]
[cdn.shopify.com/s/files/1/0908/7252/products/9_71845b40-2409-4670-9897-0b7c17661e63_compactfa98.jpg]
[cdn.shopify.com/s/files/1/0908/7252/products/10_901ed614-403c-4586-951c-4b310f2003a8_1024x1024fa98.jpg]
[cdn.shopify.com/s/files/1/0908/7252/products/10_901ed614-403c-4586-951c-4b310f2003a8_compactfa98.jpg]
[cdn.shopify.com/s/files/1/0908/7252/products/11_1024x1024c16b.jpg]
[cdn.shopify.com/s/files/1/0908/7252/products/11_compactc16b.jpg]
[cs-utc-jewelry.myshopify.com/collections/earrings/above-200.html]
[cs-utc-jewelry.myshopify.com/collections/earrings/best-seller.html]
[cs-utc-jewelry.myshopify.com/collections/earrings/gray.html]
[cs-utc-jewelry.myshopify.com/collections/earrings/green.html]
[cs-utc-jewelry.myshopify.com/collections/earrings/l.html]
[cs-utc-jewelry.myshopify.com/products/malesuada-fames-ac-ante.html]
[cdn.shopify.com/s/files/1/0908/7252/products/9_2246be9a-5bde-42e3-9d1e-c077a3e8928e_medium0f6d.jpg]
[cs-utc-jewelry.myshopify.com/collections/earrings/m.html]
[cdn.shopify.com/s/files/1/0908/7252/products/9_2246be9a-5bde-42e3-9d1e-c077a3e8928e_compact0f6d.jpg]
[cs-utc-jewelry.myshopify.com/products/maximus-quam-posuere.oembed]
[cdn.shopify.com/s/files/1/0908/7252/products/10_626ac7a3-eae9-41ec-9b3c-cf0f73ac686a_1024x10240f6d.jpg]
[cdn.shopify.com/s/files/1/0908/7252/products/10_626ac7a3-eae9-41ec-9b3c-cf0f73ac686a_compact0f6d.jpg]
[cdn.shopify.com/s/files/1/0908/7252/products/11_f6092feb-f037-4b4a-bdf8-f7ac303e59c3_1024x1024b98e.jpg]
[cdn.shopify.com/s/files/1/0908/7252/products/11_f6092feb-f037-4b4a-bdf8-f7ac303e59c3_compactb98e.jpg]
[cdn.shopify.com/s/files/1/0908/7252/products/12_1024x1024c62c.jpg]
[cdn.shopify.com/s/files/1/0908/7252/products/12_compactc62c.jpg]
[cs-utc-jewelry.myshopify.com/products/maximus-quam-posuere.html]
[cs-utc-jewelry.myshopify.com/products/curabitur-cursus-dignis-2.html]
[cs-utc-jewelry.myshopify.com/products/_https_/www.youtube.com/embed/TIerlJ_KTNY_.html]
[cs-utc-jewelry.myshopify.com/collections/bracelets/100-200.oembed]
[cdn.shopify.com/s/files/1/0908/7252/collections/3_1024x1024f441.png]
[cs-utc-jewelry.myshopify.com/collections/bracelets/100-200.atom]
[cs-utc-jewelry.myshopify.com/collections/bracelets/products/product-with-left-slidebar.html]
[cs-utc-jewelry.myshopify.com/collections/bracelets/indexd07c.html]
[cs-utc-jewelry.myshopify.com/collections/bracelets/index7c28.html]
[cs-utc-jewelry.myshopify.com/collections/bracelets/index87b3.html]
[cs-utc-jewelry.myshopify.com/collections/bracelets/index911b.html]
[cs-utc-jewelry.myshopify.com/collections/bracelets/products/product-with-right-slidebar.html]
[cs-utc-jewelry.myshopify.com/collections/bracelets/100-200.html]
[cs-utc-jewelry.myshopify.com/collections/bracelets/index51e5.html]
[cs-utc-jewelry.myshopify.com/collections/bracelets/above-200.oembed]
[cs-utc-jewelry.myshopify.com/collections/bracelets/above-200.html]
[cs-utc-jewelry.myshopify.com/collections/bracelets/best-seller.html]
[cs-utc-jewelry.myshopify.com/collections/bracelets/black.oembed]
[cs-utc-jewelry.myshopify.com/collections/bracelets/black.html]
[cs-utc-jewelry.myshopify.com/collections/bracelets/black.atom]
[cs-utc-jewelry.myshopify.com/collections/bracelets/green.html]
[cs-utc-jewelry.myshopify.com/collections/bracelets/l.html]
[cs-utc-jewelry.myshopify.com/collections/bracelets/m.html]
[cs-utc-jewelry.myshopify.com/collections/bracelets/red.html]
[cs-utc-jewelry.myshopify.com/collections/bracelets/s.html]
[cs-utc-jewelry.myshopify.com/collections/bracelets/sale-off.html]
[cs-utc-jewelry.myshopify.com/collections/bracelets/under-100.html]
[cs-utc-jewelry.myshopify.com/collections/bracelets/white.oembed]
[cs-utc-jewelry.myshopify.com/collections/bracelets/white.html]
[cs-utc-jewelry.myshopify.com/collections/bracelets/white.atom]
[cs-utc-jewelry.myshopify.com/collections/bracelets/xl.html]
[cs-utc-jewelry.myshopify.com/collections/bracelets/products/curabitur-cursus-dignis.html]
[cdn.shopify.com/s/assets/storefront/express_buttons-3c45b5ef1d83a57a85d34d798927aeb6e98cec8c9c349e88666db86f4ca5f1f6.js]
[cs-utc-jewelry.myshopify.com/collections/bracelets/products/curabitur-cursus-dignis-1.html]
[cdn.shopify.com/s/files/1/0908/7252/products/6_03a522d6-f36a-4f59-a815-bbade4d87a6e_mediumc150.jpg]
[cdn.shopify.com/s/files/1/0908/7252/products/6_03a522d6-f36a-4f59-a815-bbade4d87a6e_compactc150.jpg]
[cdn.shopify.com/s/files/1/0908/7252/products/4_b760c006-b403-4035-ba94-b19cb0ff8214_1024x1024c150.jpg]
[cs-utc-jewelry.myshopify.com/products/donec-aliquam-ante-non.oembed]
[cdn.shopify.com/s/files/1/0908/7252/products/4_b760c006-b403-4035-ba94-b19cb0ff8214_compactc150.jpg]
[cs-utc-jewelry.myshopify.com/collections/bracelets/products/donec-aliquam-ante-non.html]
[cdn.shopify.com/s/files/1/0908/7252/products/4_0fe2529b-f7ae-4ed5-a8ff-4fae623757f9_medium02fe.jpg]
[cdn.shopify.com/s/files/1/0908/7252/products/4_0fe2529b-f7ae-4ed5-a8ff-4fae623757f9_compact02fe.jpg]
[cs-utc-jewelry.myshopify.com/products/donec-condime-fermentum.oembed]
[cdn.shopify.com/s/files/1/0908/7252/products/5_9c4bb547-32eb-42ea-bed5-2f1fc3832c2e_1024x1024ddc9.jpg]
[cdn.shopify.com/s/files/1/0908/7252/products/5_9c4bb547-32eb-42ea-bed5-2f1fc3832c2e_compactddc9.jpg]
[cdn.shopify.com/s/files/1/0908/7252/products/6_2b8df768-6599-4e41-ae4c-2d6afd2b1d95_1024x10247cf8.jpg]
[cdn.shopify.com/s/files/1/0908/7252/products/6_2b8df768-6599-4e41-ae4c-2d6afd2b1d95_compact7cf8.jpg]
[cdn.shopify.com/s/files/1/0908/7252/products/7_1024x1024e12a.jpg]
[cdn.shopify.com/s/files/1/0908/7252/products/7_compacte12a.jpg]
[cs-utc-jewelry.myshopify.com/collections/bracelets/products/donec-condime-fermentum.html]
[cdn.shopify.com/s/files/1/0908/7252/products/10_16854be2-a731-4970-984e-7f6e483d2405_mediumdd3a.jpg]
[cdn.shopify.com/s/files/1/0908/7252/products/10_16854be2-a731-4970-984e-7f6e483d2405_1024x1024dd3a.jpg]
[cs-utc-jewelry.myshopify.com/products/maximus-quam-posuere-1.oembed]
[cdn.shopify.com/s/files/1/0908/7252/products/10_16854be2-a731-4970-984e-7f6e483d2405_compactdd3a.jpg]
[cdn.shopify.com/s/files/1/0908/7252/products/11_11ac0177-cd42-4bfc-b610-df79b9a60afb_1024x102442af.jpg]
[cdn.shopify.com/s/files/1/0908/7252/products/11_11ac0177-cd42-4bfc-b610-df79b9a60afb_compact42af.jpg]
[cs-utc-jewelry.myshopify.com/collections/bracelets/products/maximus-quam-posuere-1.html]
[cs-utc-jewelry.myshopify.com/collections/bracelets/products/product-full-width.html]
[cdn.shopify.com/s/files/1/0908/7252/t/2/assets/jquery.fancybox-buttonsa724.css]
[cdn.shopify.com/s/files/1/0908/7252/t/2/assets/cs.animatea724.css]
[cdn.shopify.com/s/files/1/0908/7252/t/2/assets/applicationa724.css]
[cdn.shopify.com/s/files/1/0908/7252/t/2/assets/swatcha724.css]
[cdn.shopify.com/s/files/1/0908/7252/t/2/assets/jquery.owl.carousela724.css]
[cdn.shopify.com/s/files/1/0908/7252/t/2/assets/jquery.bxslidera724.css]
[cdn.shopify.com/s/files/1/0908/7252/t/2/assets/bootstrap.min.3xa724.css]
[cdn.shopify.com/s/files/1/0908/7252/t/2/assets/cs.bootstrap.3xa724.css]
[cdn.shopify.com/s/files/1/0908/7252/t/2/assets/cs.globala724.css]
[cdn.shopify.com/s/files/1/0908/7252/t/2/assets/cs.stylea724.css]
[cdn.shopify.com/s/files/1/0908/7252/t/2/assets/cs.media.3xa724.css]
[cs-utc-jewelry.myshopify.com/collections/earrings/100-200.oembed]
[cs-utc-jewelry.myshopify.com/collections/earrings/100-200.html]
[cs-utc-jewelry.myshopify.com/collections/earrings/red.oembed]
[cs-utc-jewelry.myshopify.com/collections/earrings/red.html]
[cs-utc-jewelry.myshopify.com/collections/earrings/s.html]
[cs-utc-jewelry.myshopify.com/collections/earrings/sale-off.html]
[cs-utc-jewelry.myshopify.com/collections/earrings/products/donec-justo-condimentum.html]
[cdn.shopify.com/s/files/1/0908/7252/products/7_15911c75-e357-4cc1-a903-950a8ed4b779_medium9327.jpg]
[cdn.shopify.com/s/files/1/0908/7252/products/7_15911c75-e357-4cc1-a903-950a8ed4b779_1024x10249327.jpg]
[cdn.shopify.com/s/files/1/0908/7252/products/7_15911c75-e357-4cc1-a903-950a8ed4b779_compact9327.jpg]
[cdn.shopify.com/s/files/1/0908/7252/products/8_21b3273c-8fc0-40e8-8aa8-69ef72330c30_1024x1024a388.jpg]
[cdn.shopify.com/s/files/1/0908/7252/products/8_21b3273c-8fc0-40e8-8aa8-69ef72330c30_compacta388.jpg]
[cdn.shopify.com/s/files/1/0908/7252/products/9_e5beaaab-97d4-4ab2-be6a-57c02ac20ab9_1024x1024a016.jpg]
[cdn.shopify.com/s/files/1/0908/7252/products/9_e5beaaab-97d4-4ab2-be6a-57c02ac20ab9_compacta016.jpg]
[cdn.shopify.com/s/files/1/0908/7252/products/10_1024x1024798a.jpg]
[cdn.shopify.com/s/files/1/0908/7252/products/10_compact798a.jpg]
[cs-utc-jewelry.myshopify.com/collections/earrings/products/gravida-est-quis-euismod.html]
[cs-utc-jewelry.myshopify.com/collections/earrings/products/malesuada-fames-ac-ante.html]
[cs-utc-jewelry.myshopify.com/collections/earrings/products/maximus-quam-posuere-1.html]
[cs-utc-jewelry.myshopify.com/collections/earrings/products/maximus-quam-posuere.html]
[cs-utc-jewelry.myshopify.com/collections/earrings/black.html]
[cs-utc-jewelry.myshopify.com/collections/earrings/under-100.html]
[cs-utc-jewelry.myshopify.com/collections/earrings/products/product-full-width.html]
[cs-utc-jewelry.myshopify.com/collections/earrings/xl.html]
[cs-utc-jewelry.myshopify.com/blogs/sample-blog-full-width2679.html]
[cdn.shopify.com/s/files/1/0908/7252/articles/img_blog3_e111a7b0-581e-4bb6-8797-01322059af064f27.jpg]
[cs-utc-jewelry.myshopify.com/blogs/sample-blog-full-width4658.html]
[cs-utc-jewelry.myshopify.com/blogs/sample-blog-full-width/44831683-quis-autem-vel-eum.html]
[cs-utc-jewelry.myshopify.com/blogs/sample-blog-full-width/44830659-duis-sagittis-porta.html]
[cs-utc-jewelry.myshopify.com/blogs/sample-blog-with-left-slidebar/44829059-luxe-gold-collar.html]
[cs-utc-jewelry.myshopify.com/blogs/sample-blog-full-width/44829187-quis-autem-vel-eum.html]
[cdn.shopify.com/s/files/1/0908/7252/articles/blog1_b1b03e3c-180b-4103-bd42-9b2e5f4ca8fcec06.jpg]
[cs-utc-jewelry.myshopify.com/blogs/blogs/44021379-respond-transformative-practices.html]
[cs-utc-jewelry.myshopify.com/collections/earrings/indexd07c.html]
[cs-utc-jewelry.myshopify.com/collections/earrings/index7c28.html]
[cs-utc-jewelry.myshopify.com/collections/earrings/index87b3.html]
[cs-utc-jewelry.myshopify.com/collections/earrings/index911b.html]
[cs-utc-jewelry.myshopify.com/collections/earrings/index0466.html]
[cs-utc-jewelry.myshopify.com/collections/earrings/index6868.html]
[cs-utc-jewelry.myshopify.com/collections/earrings/index3f84.html]
[cs-utc-jewelry.myshopify.com/collections/earrings/index51e5.html]
[cs-utc-jewelry.myshopify.com/blogs/blogs/44021187-enim-ipsam-voluptatem-quia.html]
[cdn.shopify.com/s/files/1/0908/7252/products/9_29fe62cc-0d0f-4cbc-b09a-6d6a8d7c2431_mediumebbe.jpg]
[cdn.shopify.com/s/files/1/0908/7252/products/12_fd5d3707-e135-43bc-bfa9-abe5f518c260_1024x1024ebbe.jpg]
[cs-utc-jewelry.myshopify.com/products/product-with-left-slidebar.oembed]
[cdn.shopify.com/s/files/1/0908/7252/products/9_29fe62cc-0d0f-4cbc-b09a-6d6a8d7c2431_1024x1024ebbe.jpg]
[cdn.shopify.com/s/files/1/0908/7252/products/9_29fe62cc-0d0f-4cbc-b09a-6d6a8d7c2431_compactebbe.jpg]
[cdn.shopify.com/s/files/1/0908/7252/products/12_fd5d3707-e135-43bc-bfa9-abe5f518c260_compactebbe.jpg]
[cdn.shopify.com/s/files/1/0908/7252/products/1_small2245.jpg]
[cdn.shopify.com/s/files/1/0908/7252/products/2_119a31f2-2054-4483-93a3-841310e6bdfb_small2b1c.jpg]
[cdn.shopify.com/s/files/1/0908/7252/products/6_03a522d6-f36a-4f59-a815-bbade4d87a6e_smallc150.jpg]
[cdn.shopify.com/s/files/1/0908/7252/products/4_0fe2529b-f7ae-4ed5-a8ff-4fae623757f9_small02fe.jpg]
[cs-utc-jewelry.myshopify.com/collections/types7c55.html]
[cs-utc-jewelry.myshopify.com/collections/typesf388.html]
[cs-utc-jewelry.myshopify.com/collections/typesa548.html]
[cdn.shopify.com/s/files/1/0908/7252/t/2/assets/blog-slidebar-bannerf4b4.jpg]
[cs-utc-jewelry.myshopify.com/collections/earrings/products/product-with-left-slidebar.html]
[cdn.shopify.com/s/files/1/0908/7252/products/13_728a8813-99ca-43bd-80fe-a5cbae33a10e_mediumae57.jpg]
[cdn.shopify.com/s/files/1/0908/7252/products/13_728a8813-99ca-43bd-80fe-a5cbae33a10e_compactae57.jpg]
[cs-utc-jewelry.myshopify.com/products/product-with-right-slidebar.oembed]
[cdn.shopify.com/s/files/1/0908/7252/products/1_adca515b-a9f4-4ba8-b511-e8bbf8c05c65_1024x1024ae57.jpg]
[cdn.shopify.com/s/files/1/0908/7252/products/1_adca515b-a9f4-4ba8-b511-e8bbf8c05c65_compactae57.jpg]
[cs-utc-jewelry.myshopify.com/collections/earrings/products/product-with-right-slidebar.html]
[cs-utc-jewelry.myshopify.com/collections/necklaces-2.html]
[cs-utc-jewelry.myshopify.com/collections/necklaces-3.html]
[cs-utc-jewelry.myshopify.com/collections/necklaces/indexd07c.html]
[cs-utc-jewelry.myshopify.com/collections/necklaces/index7c28.html]
[cs-utc-jewelry.myshopify.com/collections/necklaces/index87b3.html]
[cs-utc-jewelry.myshopify.com/collections/necklaces/index911b.html]
[cs-utc-jewelry.myshopify.com/collections/necklaces/index0466.html]
[cs-utc-jewelry.myshopify.com/collections/necklaces/index6868.html]
[cs-utc-jewelry.myshopify.com/collections/necklaces/index3f84.html]
[cs-utc-jewelry.myshopify.com/collections/necklaces/index51e5.html]
[cs-utc-jewelry.myshopify.com/collections/necklaces/products/donec-aliquam-ante-non.html]
[cs-utc-jewelry.myshopify.com/collections/necklaces/products/donec-condime-fermentum.html]
[cs-utc-jewelry.myshopify.com/collections/necklaces/products/donec-condimentum-fer.html]
[cs-utc-jewelry.myshopify.com/collections/earrings/white.html]
[cs-utc-jewelry.myshopify.com/collections/necklaces/100-200.html]
[cs-utc-jewelry.myshopify.com/collections/necklaces/products/donec-justo-condimentum.html]
[cs-utc-jewelry.myshopify.com/collections/necklaces/products/gravida-est-quis-euismod.html]
[cs-utc-jewelry.myshopify.com/collections/necklaces/red.html]
[cs-utc-jewelry.myshopify.com/collections/necklaces/above-200.html]
[cs-utc-jewelry.myshopify.com/collections/necklaces/green.html]
[cs-utc-jewelry.myshopify.com/collections/necklaces/l.html]
[cs-utc-jewelry.myshopify.com/collections/necklaces/products/malesuada-fames-ac-ante.html]
[cs-utc-jewelry.myshopify.com/collections/necklaces/products/maximus-quam-posuere-1.html]
[cs-utc-jewelry.myshopify.com/collections/necklaces/products/maximus-quam-posuere.html]
[cs-utc-jewelry.myshopify.com/collections/rings-2.html]
[cs-utc-jewelry.myshopify.com/collections/rings/indexd07c.html]
[cs-utc-jewelry.myshopify.com/collections/rings/index7c28.html]
[cs-utc-jewelry.myshopify.com/collections/rings/index87b3.html]
[cs-utc-jewelry.myshopify.com/collections/rings/index911b.html]
[cs-utc-jewelry.myshopify.com/collections/rings/index0466.html]
[cs-utc-jewelry.myshopify.com/collections/rings/index6868.html]
[cs-utc-jewelry.myshopify.com/collections/rings/index3f84.html]
[cs-utc-jewelry.myshopify.com/collections/rings/index51e5.html]
[cs-utc-jewelry.myshopify.com/collections/rings/products/curabitur-cursus-dignis.html]
[cs-utc-jewelry.myshopify.com/collections/necklaces/m.html]
[cs-utc-jewelry.myshopify.com/collections/rings/best-seller.html]
[cs-utc-jewelry.myshopify.com/collections/rings/red.html]
[cs-utc-jewelry.myshopify.com/collections/rings/s.html]
[cs-utc-jewelry.myshopify.com/collections/rings/sale-off.html]
[cs-utc-jewelry.myshopify.com/collections/rings/products/curabitur-cursus-dignis-1.html]
[cs-utc-jewelry.myshopify.com/collections/rings/products/donec-aliquam-ante-non.html]
[cs-utc-jewelry.myshopify.com/collections/rings/products/donec-condime-fermentum.html]
[cs-utc-jewelry.myshopify.com/collections/rings/products/donec-condimentum-fer.html]
[cs-utc-jewelry.myshopify.com/collections/rings/products/donec-justo-condimentum.html]
[cs-utc-jewelry.myshopify.com/collections/rings/products/gravida-est-quis-euismod.html]
[cs-utc-jewelry.myshopify.com/collections/rings/under-100.html]
[cs-utc-jewelry.myshopify.com/collections/rings/above-200.html]
[cs-utc-jewelry.myshopify.com/collections/rings/products/malesuada-fames-ac-ante.html]
[cs-utc-jewelry.myshopify.com/collections/bracelets/gray.html]
[cs-utc-jewelry.myshopify.com/collections/vendorsc05f.html]
[cs-utc-jewelry.myshopify.com/indexd07c.html]
[cs-utc-jewelry.myshopify.com/index7c28.html]
[cs-utc-jewelry.myshopify.com/index87b3.html]
[cs-utc-jewelry.myshopify.com/index911b.html]
[cs-utc-jewelry.myshopify.com/index0466.html]
[cs-utc-jewelry.myshopify.com/index6868.html]
[cs-utc-jewelry.myshopify.com/index3f84.html]
[cs-utc-jewelry.myshopify.com/index51e5.html]
[cs-utc-jewelry.myshopify.com/collections/vendorsd743.html]
[cs-utc-jewelry.myshopify.com/collections/vendors39c9.html]
[cdn.shopify.com/s/global/search77a6.css]
[cs-utc-jewelry.myshopify.com/collections/all2679.html]
[cs-utc-jewelry.myshopify.com/collections/allb4c8.html]
[cs-utc-jewelry.myshopify.com/collections/all17c4.html]
[cs-utc-jewelry.myshopify.com/collections/alla007.html]
[cs-utc-jewelry.myshopify.com/collections/allf818.html]
[cs-utc-jewelry.myshopify.com/collections/all95f8.html]
[cs-utc-jewelry.myshopify.com/collections/alla219.html]
[cs-utc-jewelry.myshopify.com/collections/all535a.html]
[cs-utc-jewelry.myshopify.com/collections/allf2eb.html]
[cs-utc-jewelry.myshopify.com/collections/necklaces/best-seller.html]
[cs-utc-jewelry.myshopify.com/collections/necklaces/gray.html]
[cs-utc-jewelry.myshopify.com/collections/necklaces/s.html]
[cs-utc-jewelry.myshopify.com/collections/necklaces/sale-off.html]
[cs-utc-jewelry.myshopify.com/collections/necklaces/under-100.html]
[cs-utc-jewelry.myshopify.com/collections/necklaces/xl.html]
[cs-utc-jewelry.myshopify.com/collections/necklaces/xl.atom]
[cs-utc-jewelry.myshopify.com/collections/earrings/above-200.oembed]
[cs-utc-jewelry.myshopify.com/collections/earrings/above-200.html]
[cs-utc-jewelry.myshopify.com/collections/earrings/best-seller.html]
[cs-utc-jewelry.myshopify.com/collections/earrings/gray.html]
[cs-utc-jewelry.myshopify.com/collections/earrings/green.html]
[cs-utc-jewelry.myshopify.com/collections/earrings/l.html]
[cs-utc-jewelry.myshopify.com/collections/earrings/m.html]
[cs-utc-jewelry.myshopify.com/collections/earrings/m.atom]
[cs-utc-jewelry.myshopify.com/collections/bracelets.oembed]
[cs-utc-jewelry.myshopify.com/collections/bracelets/indexd07c.html]
[cs-utc-jewelry.myshopify.com/collections/bracelets/index7c28.html]
[cs-utc-jewelry.myshopify.com/collections/bracelets/index87b3.html]
[cs-utc-jewelry.myshopify.com/collections/bracelets/index911b.html]
[cs-utc-jewelry.myshopify.com/collections/bracelets/index0466.html]
[cs-utc-jewelry.myshopify.com/collections/bracelets/index6868.html]
[cs-utc-jewelry.myshopify.com/collections/bracelets/index3f84.html]
[cs-utc-jewelry.myshopify.com/collections/bracelets/index51e5.html]
[cs-utc-jewelry.myshopify.com/collections/bracelets/products/product-with-left-slidebar.html]
[cs-utc-jewelry.myshopify.com/collections/bracelets/products/product-with-right-slidebar.html]
[cs-utc-jewelry.myshopify.com/collections/bracelets/above-201.html]
[cs-utc-jewelry.myshopify.com/collections/bracelets/best-seller-2.html]
[cs-utc-jewelry.myshopify.com/collections/bracelets/best-seller-3.html]
[cs-utc-jewelry.myshopify.com/collections/bracelets/green-2.html]
[cs-utc-jewelry.myshopify.com/collections/bracelets/green-3.html]
[cs-utc-jewelry.myshopify.com/collections/bracelets/l-2.html]
[cs-utc-jewelry.myshopify.com/collections/bracelets/l-3.html]
[cs-utc-jewelry.myshopify.com/collections/bracelets/m-2.html]
[cs-utc-jewelry.myshopify.com/collections/bracelets/m-3.html]
[cs-utc-jewelry.myshopify.com/collections/bracelets/red-2.html]
[cs-utc-jewelry.myshopify.com/collections/bracelets/red-3.html]
[cs-utc-jewelry.myshopify.com/collections/bracelets/s-2.html]
[cs-utc-jewelry.myshopify.com/collections/bracelets/s-3.html]
[cs-utc-jewelry.myshopify.com/collections/bracelets/sale-off-2.html]
[cs-utc-jewelry.myshopify.com/collections/bracelets/sale-off-3.html]
[cs-utc-jewelry.myshopify.com/collections/bracelets/under-101.html]
[cs-utc-jewelry.myshopify.com/collections/bracelets/under-102.html]
[cs-utc-jewelry.myshopify.com/collections/bracelets/xl-2.html]
[cs-utc-jewelry.myshopify.com/collections/bracelets/xl-3.html]
[cs-utc-jewelry.myshopify.com/collections/bracelets/products/_https_/www.youtube.com/embed/TIerlJ_KTNY_.html]
[cs-utc-jewelry.myshopify.com/collections/earrings/100-201.html]
[cs-utc-jewelry.myshopify.com/collections/earrings/red-2.html]
[cs-utc-jewelry.myshopify.com/collections/earrings/s-2.html]
[cs-utc-jewelry.myshopify.com/collections/earrings/s-3.html]
[cs-utc-jewelry.myshopify.com/collections/earrings/sale-off-2.html]
[cs-utc-jewelry.myshopify.com/collections/earrings/sale-off-3.html]
[cs-utc-jewelry.myshopify.com/products/gravida-est-quis-euismod-2.html]
[cs-utc-jewelry.myshopify.com/collections/earrings/black.html]
[cs-utc-jewelry.myshopify.com/collections/earrings/under-100.html]
[cs-utc-jewelry.myshopify.com/collections/earrings/xl.html]
[cs-utc-jewelry.myshopify.com/blogs/sample-blog-full-width2679.html]
[cs-utc-jewelry.myshopify.com/blogs/sample-blog-full-width/44829187-quis-autem-vel-eum.html]
[cdn.shopify.com/s/files/1/0908/7252/articles/blog3_6f831a81-7faf-4eea-8008-7aa9a8b23f4e3153.jpg]
[cs-utc-jewelry.myshopify.com/blogs/blogs/44021187-enim-ipsam-voluptatem-quia.html]
[cs-utc-jewelry.myshopify.com/collections/types7c55.html]
[cs-utc-jewelry.myshopify.com/collections/types7742.html]
[cs-utc-jewelry.myshopify.com/collections/typesf388.html]
[cs-utc-jewelry.myshopify.com/collections/types8743.html]
[cs-utc-jewelry.myshopify.com/collections/typesa548.html]
[cs-utc-jewelry.myshopify.com/collections/earrings/white.html]
[cs-utc-jewelry.myshopify.com/collections/necklaces/100-200.html]
[cs-utc-jewelry.myshopify.com/collections/necklaces/red.html]
[cs-utc-jewelry.myshopify.com/collections/necklaces/above-200.html]
[cs-utc-jewelry.myshopify.com/collections/necklaces/green.oembed]
[cs-utc-jewelry.myshopify.com/collections/necklaces/green.html]
[cs-utc-jewelry.myshopify.com/collections/necklaces/l.html]
[cs-utc-jewelry.myshopify.com/collections/necklaces/m.html]
[cs-utc-jewelry.myshopify.com/collections/rings/best-seller.html]
[cs-utc-jewelry.myshopify.com/collections/rings/red.html]
[cs-utc-jewelry.myshopify.com/collections/rings/s.html]
[cs-utc-jewelry.myshopify.com/collections/rings/sale-off.html]
[cs-utc-jewelry.myshopify.com/collections/rings/under-100.html]
[cs-utc-jewelry.myshopify.com/collections/rings/above-200.html]
[cs-utc-jewelry.myshopify.com/collections/rings/gray.html]
[cs-utc-jewelry.myshopify.com/collections/rings/green.html]
[cs-utc-jewelry.myshopify.com/collections/rings/l.html]
[cs-utc-jewelry.myshopify.com/collections/rings/m.html]
[cs-utc-jewelry.myshopify.com/collections/bracelets/gray-2.html]
[cs-utc-jewelry.myshopify.com/collections/bracelets/gray-3.html]
[cs-utc-jewelry.myshopify.com/collections/all17c4.html]
[cs-utc-jewelry.myshopify.com/collections/allf818.html]
[cs-utc-jewelry.myshopify.com/collections/all7e1f.html]
[cs-utc-jewelry.myshopify.com/collections/all10c7.html]
[cs-utc-jewelry.myshopify.com/collections/allf2eb.html]
[cs-utc-jewelry.myshopify.com/collections/necklaces/best-seller-2.html]
[cs-utc-jewelry.myshopify.com/collections/necklaces/best-seller-3.html]
[cs-utc-jewelry.myshopify.com/collections/necklaces/gray-2.html]
[cs-utc-jewelry.myshopify.com/collections/necklaces/gray-3.html]
[cs-utc-jewelry.myshopify.com/collections/necklaces/s-2.html]
[cs-utc-jewelry.myshopify.com/collections/necklaces/s-3.html]
[cs-utc-jewelry.myshopify.com/collections/necklaces/sale-off-2.html]
[cs-utc-jewelry.myshopify.com/collections/necklaces/sale-off-3.html]
[cs-utc-jewelry.myshopify.com/collections/necklaces/under-101.html]
[cs-utc-jewelry.myshopify.com/collections/necklaces/under-102.html]
[cs-utc-jewelry.myshopify.com/collections/necklaces/xl-2.html]
[cs-utc-jewelry.myshopify.com/collections/earrings/above-201.html]
[cs-utc-jewelry.myshopify.com/collections/earrings/best-seller-2.html]
[cs-utc-jewelry.myshopify.com/collections/earrings/best-seller-3.html]
[cs-utc-jewelry.myshopify.com/collections/earrings/gray-2.html]
[cs-utc-jewelry.myshopify.com/collections/earrings/gray-3.html]
[cs-utc-jewelry.myshopify.com/collections/earrings/green-2.html]
[cs-utc-jewelry.myshopify.com/collections/earrings/green-3.html]
[cs-utc-jewelry.myshopify.com/collections/earrings/l-2.html]
[cs-utc-jewelry.myshopify.com/collections/earrings/l-3.html]
[cs-utc-jewelry.myshopify.com/collections/earrings/m-2.html]
[cs-utc-jewelry.myshopify.com/collections/bracelets-2.html]
[cs-utc-jewelry.myshopify.com/collections/earrings/black-2.html]
[cs-utc-jewelry.myshopify.com/collections/earrings/black-3.html]
[cs-utc-jewelry.myshopify.com/collections/earrings/under-101.html]
[cs-utc-jewelry.myshopify.com/collections/earrings/under-102.html]
[cs-utc-jewelry.myshopify.com/collections/earrings/xl-2.html]
[cs-utc-jewelry.myshopify.com/collections/earrings/xl-3.html]
[cs-utc-jewelry.myshopify.com/collections/types7742.html]
[cs-utc-jewelry.myshopify.com/collections/types8743.html]
[cs-utc-jewelry.myshopify.com/collections/types6de2.html]
[cs-utc-jewelry.myshopify.com/collections/earrings/white-2.html]
[cs-utc-jewelry.myshopify.com/collections/earrings/white-3.html]
[cs-utc-jewelry.myshopify.com/collections/necklaces/100-201.html]
[cs-utc-jewelry.myshopify.com/collections/necklaces/100-202.html]
[cs-utc-jewelry.myshopify.com/collections/necklaces/red-2.html]
[cs-utc-jewelry.myshopify.com/collections/necklaces/red-3.html]
[cs-utc-jewelry.myshopify.com/collections/necklaces/above-201.html]
[cs-utc-jewelry.myshopify.com/collections/necklaces/above-202.html]
[cs-utc-jewelry.myshopify.com/collections/necklaces/green-2.html]
[cs-utc-jewelry.myshopify.com/collections/necklaces/l-2.html]
[cs-utc-jewelry.myshopify.com/collections/necklaces/l-3.html]
[cs-utc-jewelry.myshopify.com/collections/necklaces/m-2.html]
[cs-utc-jewelry.myshopify.com/collections/necklaces/m-3.html]
[cs-utc-jewelry.myshopify.com/collections/rings/best-seller-2.html]
[cs-utc-jewelry.myshopify.com/collections/rings/best-seller-3.html]
[cs-utc-jewelry.myshopify.com/collections/rings/red-2.html]
[cs-utc-jewelry.myshopify.com/collections/rings/red-3.html]
[cs-utc-jewelry.myshopify.com/collections/rings/s-2.html]
[cs-utc-jewelry.myshopify.com/collections/rings/s-3.html]
[cs-utc-jewelry.myshopify.com/collections/rings/sale-off-2.html]
[cs-utc-jewelry.myshopify.com/collections/rings/sale-off-3.html]
[cs-utc-jewelry.myshopify.com/collections/rings/under-101.html]
[cs-utc-jewelry.myshopify.com/collections/rings/under-102.html]
[cs-utc-jewelry.myshopify.com/collections/rings/above-201.html]
[cs-utc-jewelry.myshopify.com/collections/rings/above-202.html]
